******************************************************************************
                  TI ARM Linker PC v16.9.2                     
******************************************************************************
>> Linked Fri Apr 21 22:30:37 2017

OUTPUT FILE NAME:   <RF06-CC2538.out>
ENTRY POINT SYMBOL: "ResetISR"  address: 00200275


MEMORY CONFIGURATION

         name            origin    length      used     unused   attr    fill
----------------------  --------  ---------  --------  --------  ----  --------
  FLASH                 00200000   0007ffd4  00000470  0007fb64  R  X
  FLASH_CCA             0027ffd4   0000000c  0000000c  00000000  R  X
  SRAM_NON_RETENTION    20000000   00004000  00000000  00004000  RW X
  SRAM_RETENTION        20004000   00004000  00000118  00003ee8  RW X


SEGMENT ALLOCATION MAP

run origin  load origin   length   init length attrs members
----------  ----------- ---------- ----------- ----- -------
00200000    00200000    00000444   00000444    r-x
  00200000    00200000    00000100   00000100    r-- .intvecs
  00200100    00200100    00000344   00000344    r-x .text
00200444    00200444    00000008   00000008    rw-
  00200444    00200444    00000008   00000008    rw- .args
00200450    00200450    00000024   00000024    r--
  00200450    00200450    00000024   00000024    r-- .cinit
0027ffd4    0027ffd4    0000000c   0000000c    r--
  0027ffd4    0027ffd4    0000000c   0000000c    r-- .flashcca
20004000    20004000    00000018   00000000    rw-
  20004000    20004000    00000018   00000000    rw- .data
20007f00    20007f00    00000100   00000000    rw-
  20007f00    20007f00    00000100   00000000    rw- .stack


SECTION ALLOCATION MAP

 output                                  attributes/
section   page    origin      length       input sections
--------  ----  ----------  ----------   ----------------
.intvecs   0    00200000    00000100     
                  00200000    00000100     cx2538_startup_ccs.obj (.intvecs)

.binit     0    00200000    00000000     

.text      0    00200100    00000344     
                  00200100    0000009c     rtsv7M3_T_le_eabi.lib : memcpy_t2.obj (.text)
                  0020019c    00000070                           : autoinit.obj (.text)
                  0020020c    00000068                           : copy_decompress_lzss.obj (.text:decompress:lzss)
                  00200274    00000064     cx2538_startup_ccs.obj (.text:ResetISR)
                  002002d8    00000054     rtsv7M3_T_le_eabi.lib : exit.obj (.text)
                  0020032c    0000004c                           : cpy_tbl.obj (.text)
                  00200378    00000044     blinky.obj (.text:main)
                  002003bc    00000040     rtsv7M3_T_le_eabi.lib : boot.obj (.text)
                  002003fc    00000018                           : args_main.obj (.text)
                  00200414    00000014                           : _lock.obj (.text)
                  00200428    0000000e                           : copy_decompress_none.obj (.text:decompress:none)
                  00200436    00000004                           : pre_init.obj (.text)
                  0020043a    00000002     cx2538_startup_ccs.obj (.text:FaultISR)
                  0020043c    00000002     cx2538_startup_ccs.obj (.text:IntDefaultHandler)
                  0020043e    00000002     cx2538_startup_ccs.obj (.text:NmiSR)
                  00200440    00000002     rtsv7M3_T_le_eabi.lib : mpu_init.obj (.text)
                  00200442    00000002                           : startup.obj (.text)

.cinit     0    00200450    00000024     
                  00200450    00000012     (.cinit..data.load) [load image, compression = lzss]
                  00200462    00000002     --HOLE-- [fill = 0]
                  00200464    00000008     (__TI_handler_table)
                  0020046c    00000008     (__TI_cinit_table)

.init_array 
*          0    00200000    00000000     UNINITIALIZED

.flashcca 
*          0    0027ffd4    0000000c     
                  0027ffd4    0000000c     cx2538_setup.obj (.flashcca:retain)

.data      0    20004000    00000018     UNINITIALIZED
                  20004000    0000000c     rtsv7M3_T_le_eabi.lib : exit.obj (.data:$O1$$)
                  2000400c    00000008                           : _lock.obj (.data:$O1$$)
                  20004014    00000004                           : stkdepth_vars.obj (.data)

.args      0    00200444    00000008     
                  00200444    00000008     --HOLE-- [fill = 0]

.stack     0    20007f00    00000100     UNINITIALIZED
                  20007f00    00000100     --HOLE--

MODULE SUMMARY

       Module                     code   ro data   rw data
       ------                     ----   -------   -------
    .\
       cx2538_startup_ccs.obj     106    256       0      
       blinky.obj                 68     0         0      
       cx2538_setup.obj           0      12        0      
    +--+--------------------------+------+---------+---------+
       Total:                     174    268       0      
                                                          
    C:\ti\ccsv7\tools\compiler\ti-cgt-arm_16.9.2.LTS\lib\rtsv7M3_T_le_eabi.lib
       memcpy_t2.obj              156    0         0      
       autoinit.obj               112    0         0      
       copy_decompress_lzss.obj   104    0         0      
       exit.obj                   84     0         12     
       cpy_tbl.obj                76     0         0      
       boot.obj                   64     0         0      
       _lock.obj                  20     0         8      
       args_main.obj              24     0         0      
       copy_decompress_none.obj   14     0         0      
       pre_init.obj               4      0         0      
       stkdepth_vars.obj          0      0         4      
       mpu_init.obj               2      0         0      
       startup.obj                2      0         0      
    +--+--------------------------+------+---------+---------+
       Total:                     662    0         24     
                                                          
       Stack:                     0      0         256    
       Linker Generated:          0      34        0      
    +--+--------------------------+------+---------+---------+
       Grand Total:               836    302       280    


LINKER GENERATED COPY TABLES

__TI_cinit_table @ 0020046c records: 1, size/record: 8, table size: 8
	.data: load addr=00200450, load size=00000012 bytes, run addr=20004000, run size=00000018 bytes, compression=lzss


LINKER GENERATED HANDLER TABLE

__TI_handler_table @ 00200464 records: 2, size/record: 4, table size: 8
	index: 0, handler: __TI_decompress_lzss
	index: 1, handler: __TI_decompress_none


GLOBAL SYMBOLS: SORTED ALPHABETICALLY BY Name 

address   name                           
-------   ----                           
002002d9  C$$EXIT                        
00200275  ResetISR                       
UNDEFED   SHT$$INIT_ARRAY$$Base          
UNDEFED   SHT$$INIT_ARRAY$$Limit         
20008000  __STACK_END                    
00000100  __STACK_SIZE                   
20008000  __STACK_TOP                    
0020046c  __TI_CINIT_Base                
00200474  __TI_CINIT_Limit               
00200464  __TI_Handler_Table_Base        
0020046c  __TI_Handler_Table_Limit       
0020019d  __TI_auto_init                 
20004000  __TI_cleanup_ptr               
0020020d  __TI_decompress_lzss           
00200429  __TI_decompress_none           
20004004  __TI_dtors_ptr                 
20004008  __TI_enable_exit_profile_output
ffffffff  __TI_pprof_out_hndl            
ffffffff  __TI_prof_data_size            
ffffffff  __TI_prof_data_start           
00200000  __TI_static_base__             
00200101  __aeabi_memcpy                 
00200101  __aeabi_memcpy4                
00200101  __aeabi_memcpy8                
ffffffff  __binit__                      
00200444  __c_args__                     
0027ffd4  __cca                          
00200441  __mpu_init                     
20007f00  __stack                        
002003fd  _args_main                     
002003bd  _c_int00                       
2000400c  _lock                          
00200423  _nop                           
0020041b  _register_lock                 
00200415  _register_unlock               
00200443  _system_post_cinit             
00200437  _system_pre_init               
20004010  _unlock                        
002002dd  abort                          
ffffffff  binit                          
0020032d  copy_in                        
002002e5  exit                           
00200000  g_pfnVectors                   
00200379  main                           
20004014  main_func_sp                   
00200101  memcpy                         


GLOBAL SYMBOLS: SORTED BY Symbol Address 

address   name                           
-------   ----                           
00000100  __STACK_SIZE                   
00200000  __TI_static_base__             
00200000  g_pfnVectors                   
00200101  __aeabi_memcpy                 
00200101  __aeabi_memcpy4                
00200101  __aeabi_memcpy8                
00200101  memcpy                         
0020019d  __TI_auto_init                 
0020020d  __TI_decompress_lzss           
00200275  ResetISR                       
002002d9  C$$EXIT                        
002002dd  abort                          
002002e5  exit                           
0020032d  copy_in                        
00200379  main                           
002003bd  _c_int00                       
002003fd  _args_main                     
00200415  _register_unlock               
0020041b  _register_lock                 
00200423  _nop                           
00200429  __TI_decompress_none           
00200437  _system_pre_init               
00200441  __mpu_init                     
00200443  _system_post_cinit             
00200444  __c_args__                     
00200464  __TI_Handler_Table_Base        
0020046c  __TI_CINIT_Base                
0020046c  __TI_Handler_Table_Limit       
00200474  __TI_CINIT_Limit               
0027ffd4  __cca                          
20004000  __TI_cleanup_ptr               
20004004  __TI_dtors_ptr                 
20004008  __TI_enable_exit_profile_output
2000400c  _lock                          
20004010  _unlock                        
20004014  main_func_sp                   
20007f00  __stack                        
20008000  __STACK_END                    
20008000  __STACK_TOP                    
ffffffff  __TI_pprof_out_hndl            
ffffffff  __TI_prof_data_size            
ffffffff  __TI_prof_data_start           
ffffffff  __binit__                      
ffffffff  binit                          
UNDEFED   SHT$$INIT_ARRAY$$Base          
UNDEFED   SHT$$INIT_ARRAY$$Limit         

[46 symbols]
